{
    "main": {},
    "structure": {
        "name": "uh60_blade_1",
        "parameter": {
            "a2p1": 0.8,
            "a2p3": 0.6
        },
        "design": {
            "cs_assignment": {
                "set_0": "main_cs"
            }
        },
        "cs": {
            "main_cs": {
                "base": "cs1",
                "model": "md1",
                "model_dim": 1,
                "model_name": "t"
            }
        },
        "css_data": {}
    },
    "csdb": {}
}