{
    "main": {
        "gj": 20219906.439,
        "eiyy": 96028695.549,
        "eizz": 4082510357.5
    },
    "structure": {
        "name": "uh60_blade_1",
        "parameter": {
            "a2p1": 0.8,
            "a2p3": 0.6
        },
        "design": {
            "cs_assignment": {
                "set_0": "main_cs"
            }
        },
        "cs": {
            "main_cs": {
                "base": "cs1",
                "model": "md1",
                "model_dim": 1,
                "model_name": "t"
            }
        },
        "css_data": {
            "main_cs_set_0": {
                "parameter": {
                    "a2p1": 0.8,
                    "a2p3": 0.6,
                    "mdb_name": "material_database_us_ft",
                    "airfoil": "SC1095.dat",
                    "airfoil_point_order": -1,
                    "chord": 20.76,
                    "pan2": -1,
                    "pan3": 0,
                    "a2nsm": 0.96,
                    "a3nsm": 0,
                    "rnsm": 0.01,
                    "gms": 0.04,
                    "lam_skin": "T300 15k/976_0.0053",
                    "lam_cap": "Aluminum 8009_0.01",
                    "lam_spar_1": "T300 15k/976_0.0053",
                    "lam_front": "T300 15k/976_0.0053",
                    "lam_back": "T300 15k/976_0.0053",
                    "ssc_spar": "[-45:10/0:10/45:10/90:10]",
                    "mat_nsm": "lead",
                    "mat_fill_front": "Rohacell 70",
                    "mat_fill_back": "Plascore PN2-3/16OX3.0",
                    "mat_fill_te": "Plascore PN2-3/16OX3.0"
                },
                "property": {
                    "md1": {
                        "mu": 5.3308747353,
                        "mmoi1": 151.07454224,
                        "mmoi2": 0.58887693609,
                        "mmoi3": 150.48566531,
                        "ea": 165222335.69,
                        "ga22": 2833120.7521,
                        "ga33": 8146418.4912,
                        "gj": 20219906.439,
                        "ei22": 96028695.549,
                        "ei33": 4082510357.5,
                        "mc2": 16.543783866,
                        "mc3": 0.054558035971,
                        "tc2": 13.009368621,
                        "tc3": 0.13439982498,
                        "sc2": 13.941045801,
                        "sc3": 0.18966665021,
                        "stf11c": 165222335.69,
                        "cmp11c": 4.7593915965e-08,
                        "stf12c": 0.0,
                        "cmp12c": 0.0,
                        "stf13c": 22205852.999,
                        "cmp13c": -9.4190340364e-10,
                        "stf14c": -2149438269.5,
                        "cmp14c": 3.1834653216e-09,
                        "stf21c": 0.0,
                        "cmp21c": 0.0,
                        "stf22c": 20219906.439,
                        "cmp22c": 4.9456213016e-08,
                        "stf23c": 0.0,
                        "cmp23c": 0.0,
                        "stf24c": 0.0,
                        "cmp24c": 0.0,
                        "stf31c": 22205852.999,
                        "cmp31c": -9.4190340364e-10,
                        "stf32c": 0.0,
                        "cmp32c": 0.0,
                        "stf33c": 99060872.289,
                        "cmp33c": 1.0413432223e-08,
                        "stf34c": -302675742.14,
                        "cmp34c": 3.517926795e-11,
                        "stf41c": -2149438269.5,
                        "cmp41c": 3.1834653216e-09,
                        "stf42c": 0.0,
                        "cmp42c": 0.0,
                        "stf43c": -302675742.14,
                        "cmp43c": 3.517926795e-11,
                        "stf44c": 32045297420.0,
                        "cmp44c": 2.4506903462e-10,
                        "ms11": 5.3308747353,
                        "stf11r": 165222335.69,
                        "cmp11r": 4.7593915965e-08,
                        "ms12": 0.0,
                        "stf12r": 0.0,
                        "cmp12r": 0.0,
                        "ms13": 0.0,
                        "stf13r": 0.0,
                        "cmp13r": 0.0,
                        "ms14": 0.0,
                        "stf14r": 0.0,
                        "cmp14r": 0.0,
                        "ms15": 0.29084205556,
                        "stf15r": 22205852.999,
                        "cmp15r": -9.4190340364e-10,
                        "ms16": -88.192839438,
                        "stf16r": -2149438269.5,
                        "cmp16r": 3.1834653216e-09,
                        "ms21": 0.0,
                        "stf21r": 0.0,
                        "cmp21r": 0.0,
                        "ms22": 5.3308747353,
                        "stf22r": 8144846.3276,
                        "cmp22r": 1.2460055898e-07,
                        "ms23": 0.0,
                        "stf23r": -91383.266133,
                        "cmp23r": -1.2681026763e-07,
                        "ms24": -0.29084205556,
                        "stf24r": -2818784.018,
                        "cmp24r": 9.3801942548e-09,
                        "ms25": 0.0,
                        "stf25r": 0.0,
                        "cmp25r": 0.0,
                        "ms26": 0.0,
                        "stf26r": 0.0,
                        "cmp26r": 0.0,
                        "ms31": 0.0,
                        "stf31r": 0.0,
                        "cmp31r": 0.0,
                        "ms32": 0.0,
                        "stf32r": -91383.266133,
                        "cmp32r": -1.2681026763e-07,
                        "ms33": 5.3308747353,
                        "stf33r": 2834692.9157,
                        "cmp33r": 9.9648509417e-06,
                        "ms34": 88.192839438,
                        "stf34r": 39535916.127,
                        "cmp34r": -6.894713308e-07,
                        "ms35": 0.0,
                        "stf35r": 0.0,
                        "cmp35r": 0.0,
                        "ms36": 0.0,
                        "stf36r": 0.0,
                        "cmp36r": 0.0,
                        "ms41": 0.0,
                        "stf41r": 0.0,
                        "cmp41r": 0.0,
                        "ms42": -0.29084205556,
                        "stf42r": -2818784.018,
                        "cmp42r": 9.3801942548e-09,
                        "ms43": 88.192839438,
                        "stf43r": 39535916.127,
                        "cmp43r": -6.894713308e-07,
                        "ms44": 1610.1336842,
                        "stf44r": 571926553.28,
                        "cmp44r": 4.9456213016e-08,
                        "ms45": 0.0,
                        "stf45r": 0.0,
                        "cmp45r": 0.0,
                        "ms46": 0.0,
                        "stf46r": 0.0,
                        "cmp46r": 0.0,
                        "ms51": 0.29084205556,
                        "stf51r": 22205852.999,
                        "cmp51r": -9.4190340364e-10,
                        "ms52": 0.0,
                        "stf52r": 0.0,
                        "cmp52r": 0.0,
                        "ms53": 0.0,
                        "stf53r": 0.0,
                        "cmp53r": 0.0,
                        "ms54": 0.0,
                        "stf54r": 0.0,
                        "cmp54r": 0.0,
                        "ms55": 0.61227502549,
                        "stf55r": 99060872.289,
                        "cmp55r": 1.0413432223e-08,
                        "ms56": -3.7492186802,
                        "stf56r": -302675742.14,
                        "cmp56r": 3.517926795e-11,
                        "ms61": -88.192839438,
                        "stf61r": -2149438269.5,
                        "cmp61r": 3.1834653216e-09,
                        "ms62": 0.0,
                        "stf62r": 0.0,
                        "cmp62r": 0.0,
                        "ms63": 0.0,
                        "stf63r": 0.0,
                        "cmp63r": 0.0,
                        "ms64": 0.0,
                        "stf64r": 0.0,
                        "cmp64r": 0.0,
                        "ms65": -3.7492186802,
                        "stf65r": -302675742.14,
                        "cmp65r": 3.517926795e-11,
                        "ms66": 1609.5214092,
                        "stf66r": 32045297420.0,
                        "cmp66r": 2.4506903462e-10
                    }
                }
            }
        }
    },
    "csdb": {
        "cs1": [
            {
                "parameter": {
                    "a2p1": 0.8,
                    "a2p3": 0.6,
                    "mdb_name": "material_database_us_ft",
                    "airfoil": "SC1095.dat",
                    "airfoil_point_order": -1,
                    "chord": 20.76,
                    "pan2": -1,
                    "pan3": 0,
                    "a2nsm": 0.96,
                    "a3nsm": 0,
                    "rnsm": 0.01,
                    "gms": 0.04,
                    "lam_skin": "T300 15k/976_0.0053",
                    "lam_cap": "Aluminum 8009_0.01",
                    "lam_spar_1": "T300 15k/976_0.0053",
                    "lam_front": "T300 15k/976_0.0053",
                    "lam_back": "T300 15k/976_0.0053",
                    "ssc_spar": "[-45:10/0:10/45:10/90:10]",
                    "mat_nsm": "lead",
                    "mat_fill_front": "Rohacell 70",
                    "mat_fill_back": "Plascore PN2-3/16OX3.0",
                    "mat_fill_te": "Plascore PN2-3/16OX3.0"
                },
                "property": {
                    "md1": {
                        "mu": 5.3308747353,
                        "mmoi1": 151.07454224,
                        "mmoi2": 0.58887693609,
                        "mmoi3": 150.48566531,
                        "ea": 165222335.69,
                        "ga22": 2833120.7521,
                        "ga33": 8146418.4912,
                        "gj": 20219906.439,
                        "ei22": 96028695.549,
                        "ei33": 4082510357.5,
                        "mc2": 16.543783866,
                        "mc3": 0.054558035971,
                        "tc2": 13.009368621,
                        "tc3": 0.13439982498,
                        "sc2": 13.941045801,
                        "sc3": 0.18966665021,
                        "stf11c": 165222335.69,
                        "cmp11c": 4.7593915965e-08,
                        "stf12c": 0.0,
                        "cmp12c": 0.0,
                        "stf13c": 22205852.999,
                        "cmp13c": -9.4190340364e-10,
                        "stf14c": -2149438269.5,
                        "cmp14c": 3.1834653216e-09,
                        "stf21c": 0.0,
                        "cmp21c": 0.0,
                        "stf22c": 20219906.439,
                        "cmp22c": 4.9456213016e-08,
                        "stf23c": 0.0,
                        "cmp23c": 0.0,
                        "stf24c": 0.0,
                        "cmp24c": 0.0,
                        "stf31c": 22205852.999,
                        "cmp31c": -9.4190340364e-10,
                        "stf32c": 0.0,
                        "cmp32c": 0.0,
                        "stf33c": 99060872.289,
                        "cmp33c": 1.0413432223e-08,
                        "stf34c": -302675742.14,
                        "cmp34c": 3.517926795e-11,
                        "stf41c": -2149438269.5,
                        "cmp41c": 3.1834653216e-09,
                        "stf42c": 0.0,
                        "cmp42c": 0.0,
                        "stf43c": -302675742.14,
                        "cmp43c": 3.517926795e-11,
                        "stf44c": 32045297420.0,
                        "cmp44c": 2.4506903462e-10,
                        "ms11": 5.3308747353,
                        "stf11r": 165222335.69,
                        "cmp11r": 4.7593915965e-08,
                        "ms12": 0.0,
                        "stf12r": 0.0,
                        "cmp12r": 0.0,
                        "ms13": 0.0,
                        "stf13r": 0.0,
                        "cmp13r": 0.0,
                        "ms14": 0.0,
                        "stf14r": 0.0,
                        "cmp14r": 0.0,
                        "ms15": 0.29084205556,
                        "stf15r": 22205852.999,
                        "cmp15r": -9.4190340364e-10,
                        "ms16": -88.192839438,
                        "stf16r": -2149438269.5,
                        "cmp16r": 3.1834653216e-09,
                        "ms21": 0.0,
                        "stf21r": 0.0,
                        "cmp21r": 0.0,
                        "ms22": 5.3308747353,
                        "stf22r": 8144846.3276,
                        "cmp22r": 1.2460055898e-07,
                        "ms23": 0.0,
                        "stf23r": -91383.266133,
                        "cmp23r": -1.2681026763e-07,
                        "ms24": -0.29084205556,
                        "stf24r": -2818784.018,
                        "cmp24r": 9.3801942548e-09,
                        "ms25": 0.0,
                        "stf25r": 0.0,
                        "cmp25r": 0.0,
                        "ms26": 0.0,
                        "stf26r": 0.0,
                        "cmp26r": 0.0,
                        "ms31": 0.0,
                        "stf31r": 0.0,
                        "cmp31r": 0.0,
                        "ms32": 0.0,
                        "stf32r": -91383.266133,
                        "cmp32r": -1.2681026763e-07,
                        "ms33": 5.3308747353,
                        "stf33r": 2834692.9157,
                        "cmp33r": 9.9648509417e-06,
                        "ms34": 88.192839438,
                        "stf34r": 39535916.127,
                        "cmp34r": -6.894713308e-07,
                        "ms35": 0.0,
                        "stf35r": 0.0,
                        "cmp35r": 0.0,
                        "ms36": 0.0,
                        "stf36r": 0.0,
                        "cmp36r": 0.0,
                        "ms41": 0.0,
                        "stf41r": 0.0,
                        "cmp41r": 0.0,
                        "ms42": -0.29084205556,
                        "stf42r": -2818784.018,
                        "cmp42r": 9.3801942548e-09,
                        "ms43": 88.192839438,
                        "stf43r": 39535916.127,
                        "cmp43r": -6.894713308e-07,
                        "ms44": 1610.1336842,
                        "stf44r": 571926553.28,
                        "cmp44r": 4.9456213016e-08,
                        "ms45": 0.0,
                        "stf45r": 0.0,
                        "cmp45r": 0.0,
                        "ms46": 0.0,
                        "stf46r": 0.0,
                        "cmp46r": 0.0,
                        "ms51": 0.29084205556,
                        "stf51r": 22205852.999,
                        "cmp51r": -9.4190340364e-10,
                        "ms52": 0.0,
                        "stf52r": 0.0,
                        "cmp52r": 0.0,
                        "ms53": 0.0,
                        "stf53r": 0.0,
                        "cmp53r": 0.0,
                        "ms54": 0.0,
                        "stf54r": 0.0,
                        "cmp54r": 0.0,
                        "ms55": 0.61227502549,
                        "stf55r": 99060872.289,
                        "cmp55r": 1.0413432223e-08,
                        "ms56": -3.7492186802,
                        "stf56r": -302675742.14,
                        "cmp56r": 3.517926795e-11,
                        "ms61": -88.192839438,
                        "stf61r": -2149438269.5,
                        "cmp61r": 3.1834653216e-09,
                        "ms62": 0.0,
                        "stf62r": 0.0,
                        "cmp62r": 0.0,
                        "ms63": 0.0,
                        "stf63r": 0.0,
                        "cmp63r": 0.0,
                        "ms64": 0.0,
                        "stf64r": 0.0,
                        "cmp64r": 0.0,
                        "ms65": -3.7492186802,
                        "stf65r": -302675742.14,
                        "cmp65r": 3.517926795e-11,
                        "ms66": 1609.5214092,
                        "stf66r": 32045297420.0,
                        "cmp66r": 2.4506903462e-10
                    }
                }
            }
        ]
    }
}